{
    "openapi": "3.1.1",
    "info": {
        "title": "Open API Document",
        "version": "1.0.0"
    },
    "paths": {
        "/api/report/{id}": {
            "get": {
                "summary": "Get report by ID.",
                "parameters": [
                    {
                        "name": "id",
                        "in": "path",
                        "description": "Report ID.",
                        "required": true,
                        "schema": {
                            "type": "integer",
                            "minimum": 1,
                            "maximum": 999999999999,
                            "required": true
                        }
                    }
                ],
                "responses": {
                    "200": {
                        "description": "[Map]<[String], [Number]> Report details."
                    }
                }
            }
        }
    },
    "components": {
        "schemas": {}
    }
}