{
    "openapi": "3.1.1",
    "info": {
        "title": "Open API Document",
        "version": "1.0.0"
    },
    "paths": {
        "/api/users": {
            "post": {
                "summary": "Save a new user.",
                "requestBody": {
                    "description": "The user to save.",
                    "content": {
                        "application/json": {
                            "schema": {
                                "$ref": "#/components/schemas/User1"
                            }
                        }
                    }
                }
            },
            "get": {
                "summary": "Get a list of users.",
                "responses": {
                    "200": {
                        "description": "A list of users.",
                        "content": {
                            "application/json": {
                                "schema": {
                                    "type": "array",
                                    "items": {
                                        "$ref": "#/components/schemas/User1"
                                    }
                                }
                            }
                        }
                    }
                },
                "parameters": [
                    {
                        "name": "id",
                        "in": "path",
                        "description": "The ID of the user",
                        "required": true,
                        "schema": {
                            "type": "string"
                        }
                    }
                ]
            }
        },
        "/api/users/{id}": {
            "delete": {
                "summary": "Delete a user.",
                "parameters": [
                    {
                        "name": "id",
                        "in": "path",
                        "description": "The ID of the user",
                        "required": true,
                        "schema": {
                            "type": "string"
                        }
                    }
                ]
            },
            "get": {
                "summary": "Get a single user",
                "parameters": [
                    {
                        "name": "id",
                        "in": "path",
                        "description": "The ID of the user",
                        "required": true,
                        "schema": {
                            "type": "string"
                        }
                    }
                ],
                "responses": {
                    "404": {
                        "description": "The user was not found"
                    },
                    "200": {
                        "description": "",
                        "content": {
                            "application/json": {
                                "schema": {
                                    "$ref": "#/components/schemas/User1"
                                }
                            }
                        }
                    }
                }
            }
        },
        "/api/messages": {
            "post": {
                "summary": "Save a new message.",
                "requestBody": {
                    "description": "The message to save.",
                    "content": {
                        "application/json": {
                            "schema": {
                                "$ref": "#/components/schemas/Message1"
                            }
                        }
                    }
                },
                "parameters": [
                    {
                        "name": "id",
                        "in": "path",
                        "description": "The ID of the user",
                        "required": true,
                        "schema": {
                            "type": "string"
                        }
                    }
                ],
                "responses": {
                    "404": {
                        "description": "The user was not found"
                    }
                }
            },
            "get": {
                "summary": "Get a list of messages.",
                "responses": {
                    "200": {
                        "description": "A list of messages.",
                        "content": {
                            "application/json": {
                                "schema": {
                                    "type": "array",
                                    "items": {
                                        "$ref": "#/components/schemas/Message1"
                                    }
                                }
                            }
                        }
                    }
                },
                "parameters": [
                    {
                        "name": "id",
                        "in": "path",
                        "description": "The ID of the message",
                        "required": true,
                        "schema": {
                            "type": "string"
                        }
                    }
                ]
            }
        },
        "/api/messages/{id}": {
            "delete": {
                "summary": "Delete a message.",
                "parameters": [
                    {
                        "name": "id",
                        "in": "path",
                        "description": "The ID of the message",
                        "required": true,
                        "schema": {
                            "type": "string"
                        }
                    }
                ],
                "responses": {
                    "404": {
                        "description": "The user was not found"
                    }
                }
            },
            "get": {
                "summary": "Get a single message",
                "parameters": [
                    {
                        "name": "id",
                        "in": "path",
                        "description": "The ID of the message",
                        "required": true,
                        "schema": {
                            "type": "string"
                        }
                    }
                ],
                "responses": {
                    "404": {
                        "description": "The message was not found"
                    },
                    "200": {
                        "description": "",
                        "content": {
                            "application/json": {
                                "schema": {
                                    "$ref": "#/components/schemas/Message1"
                                }
                            }
                        }
                    }
                }
            }
        }
    },
    "components": {
        "schemas": {
            "User1": {
                "type": "object",
                "properties": {
                    "id": {
                        "type": "string"
                    },
                    "name": {
                        "type": "string"
                    }
                }
            },
            "Message1": {
                "type": "object",
                "properties": {
                    "id": {
                        "type": "string"
                    },
                    "text": {
                        "type": "string"
                    }
                }
            }
        }
    }
}