{
    "openapi": "3.1.1",
    "info": {
        "title": "Open API Document",
        "version": "1.0.0"
    },
    "paths": {
        "/parameters/{a}/{b}/{c}": {
            "get": {
                "responses": {
                    "200": {
                        "description": "",
                        "content": {
                            "text/plain": {
                                "schema": {
                                    "type": "string"
                                }
                            }
                        }
                    }
                },
                "parameters": [
                    {
                        "name": "a",
                        "in": "path",
                        "required": true,
                        "schema": {
                            "type": "string"
                        }
                    },
                    {
                        "name": "b",
                        "in": "path",
                        "required": true,
                        "schema": {
                            "type": "string"
                        }
                    },
                    {
                        "name": "c",
                        "in": "path",
                        "required": true,
                        "schema": {
                            "type": "string"
                        }
                    },
                    {
                        "name": "d",
                        "in": "query",
                        "required": false,
                        "schema": {
                            "type": "string"
                        }
                    },
                    {
                        "name": "e",
                        "in": "query",
                        "required": false,
                        "schema": {
                            "type": "string"
                        }
                    },
                    {
                        "name": "f",
                        "in": "header",
                        "required": false,
                        "schema": {
                            "type": "string"
                        }
                    },
                    {
                        "name": "g",
                        "in": "header",
                        "required": false,
                        "schema": {
                            "type": "string"
                        }
                    },
                    {
                        "name": "h",
                        "in": "header",
                        "required": false,
                        "schema": {
                            "type": "string"
                        }
                    }
                ]
            }
        }
    },
    "components": {
        "schemas": {}
    }
}