{
    "openapi": "3.1.1",
    "info": {
        "title": "Open API Document",
        "version": "1.0.0"
    },
    "paths": {
        "/articles": {
            "get": {
                "summary": "Basic resource routes",
                "responses": {
                    "200": {
                        "description": "",
                        "content": {
                            "application/json": {
                                "schema": {
                                    "type": "array",
                                    "items": {
                                        "$ref": "#/components/schemas/Post"
                                    }
                                }
                            }
                        }
                    }
                }
            }
        },
        "/articles/{id}": {
            "get": {
                "parameters": [
                    {
                        "name": "id",
                        "in": "path",
                        "required": true,
                        "schema": {
                            "type": "integer"
                        }
                    }
                ],
                "responses": {
                    "404": {
                        "description": "",
                        "content": {
                            "text/plain": {
                                "schema": {
                                    "type": "string"
                                }
                            }
                        }
                    },
                    "200": {
                        "description": "",
                        "content": {
                            "application/json": {
                                "schema": {
                                    "$ref": "#/components/schemas/Post"
                                }
                            }
                        }
                    }
                }
            }
        },
        "/articles/{id}/comments": {
            "get": {
                "parameters": [
                    {
                        "name": "id",
                        "in": "path",
                        "required": true,
                        "schema": {
                            "type": "integer"
                        }
                    }
                ],
                "responses": {
                    "200": {
                        "description": "",
                        "content": {
                            "application/json": {
                                "schema": {
                                    "$ref": "#/components/schemas/Comments"
                                }
                            }
                        }
                    }
                }
            }
        },
        "/articles/featured": {
            "get": {
                "responses": {
                    "200": {
                        "description": "",
                        "content": {
                            "application/json": {
                                "schema": {
                                    "type": "array",
                                    "items": {
                                        "$ref": "#/components/schemas/Post"
                                    }
                                }
                            }
                        }
                    }
                }
            }
        },
        "/users/search": {
            "get": {
                "summary": "Resources with query parameters",
                "parameters": [
                    {
                        "name": "query",
                        "in": "query",
                        "required": false,
                        "schema": {
                            "type": "string"
                        }
                    },
                    {
                        "name": "limit",
                        "in": "query",
                        "required": false,
                        "schema": {
                            "type": "integer"
                        }
                    },
                    {
                        "name": "offset",
                        "in": "query",
                        "required": false,
                        "schema": {
                            "type": "integer"
                        }
                    }
                ],
                "responses": {
                    "200": {
                        "description": "",
                        "content": {
                            "text/plain": {
                                "schema": {
                                    "type": "string"
                                }
                            }
                        }
                    }
                }
            }
        },
        "/posts": {
            "post": {
                "summary": "Resources with request body",
                "requestBody": {
                    "description": "",
                    "content": {
                        "application/json": {
                            "schema": {
                                "$ref": "#/components/schemas/Post"
                            }
                        }
                    }
                },
                "responses": {
                    "200": {
                        "description": "",
                        "content": {
                            "text/plain": {
                                "schema": {
                                    "type": "string"
                                }
                            }
                        }
                    }
                }
            }
        },
        "/posts/{id}": {
            "put": {
                "parameters": [
                    {
                        "name": "id",
                        "in": "path",
                        "required": true,
                        "schema": {
                            "type": "integer"
                        }
                    }
                ],
                "requestBody": {
                    "description": "",
                    "content": {
                        "application/json": {
                            "schema": {
                                "$ref": "#/components/schemas/Post"
                            }
                        }
                    }
                },
                "responses": {
                    "200": {
                        "description": "",
                        "content": {
                            "text/plain": {
                                "schema": {
                                    "type": "string"
                                }
                            }
                        }
                    }
                }
            }
        },
        "/posts/{id}/comments": {
            "post": {
                "parameters": [
                    {
                        "name": "id",
                        "in": "path",
                        "required": true,
                        "schema": {
                            "type": "integer"
                        }
                    }
                ],
                "responses": {
                    "200": {
                        "description": "",
                        "content": {
                            "text/plain": {
                                "schema": {
                                    "type": "string"
                                }
                            }
                        }
                    }
                }
            }
        }
    },
    "components": {
        "schemas": {
            "Post": {
                "type": "object",
                "properties": {
                    "id": {
                        "type": "integer"
                    },
                    "title": {
                        "type": "string"
                    },
                    "content": {
                        "type": "string"
                    },
                    "authorId": {
                        "type": "integer"
                    }
                }
            },
            "Comments": {
                "type": "object",
                "properties": {
                    "parent": {
                        "type": "object",
                        "properties": {
                            "parent": {
                                "type": "object",
                                "properties": {}
                            },
                            "id": {
                                "type": "integer"
                            }
                        }
                    }
                }
            }
        }
    }
}