{
    "openapi": "3.1.1",
    "info": {
        "title": "Open API Document",
        "version": "1.0.0"
    },
    "paths": {
        "/api/users": {
            "get": {
                "summary": "Get a list of users.",
                "responses": {
                    "200": {
                        "description": "A list of users.",
                        "content": {
                            "application/json": {
                                "schema": {
                                    "type": "array",
                                    "items": {
                                        "$ref": "#/components/schemas/User0"
                                    }
                                }
                            }
                        }
                    }
                }
            },
            "post": {
                "summary": "Save a new user.",
                "requestBody": {
                    "description": "the user to save.",
                    "content": {
                        "application/json": {
                            "schema": {
                                "$ref": "#/components/schemas/User0"
                            }
                        }
                    }
                }
            }
        },
        "/api/users/{id}": {
            "get": {
                "summary": "Get a single user",
                "parameters": [
                    {
                        "name": "id",
                        "in": "path",
                        "description": "The ID of the user",
                        "required": true,
                        "schema": {
                            "type": "integer"
                        }
                    }
                ],
                "responses": {
                    "400": {
                        "description": "Bad ID argument"
                    },
                    "404": {
                        "description": "The user was not found"
                    },
                    "200": {
                        "description": null,
                        "content": {
                            "application/json": {
                                "schema": {
                                    "$ref": "#/components/schemas/User0"
                                }
                            }
                        }
                    }
                }
            },
            "delete": {
                "summary": "Delete a user.",
                "parameters": [
                    {
                        "name": "id",
                        "in": "path",
                        "description": "The ID of the user",
                        "required": true,
                        "schema": {
                            "type": "integer"
                        }
                    }
                ],
                "responses": {
                    "400": {
                        "description": "Bad ID argument"
                    },
                    "204": {
                        "description": "The user was deleted"
                    }
                }
            }
        }
    },
    "components": {
        "schemas": {
            "User0": {
                "type": "object",
                "properties": {
                    "id": {
                        "type": "integer"
                    },
                    "name": {
                        "type": "string"
                    }
                }
            }
        }
    }
}